======================================
Plant Nursery - GoogleTest Suite
======================================

Cleaning existing build directory...
Creating build directory...

Configuring CMake...
-- The C compiler identification is GNU 11.4.0
-- The CXX compiler identification is GNU 11.4.0
-- Detecting C compiler ABI info
-- Detecting C compiler ABI info - done
-- Check for working C compiler: /usr/bin/cc - skipped
-- Detecting C compile features
-- Detecting C compile features - done
-- Detecting CXX compiler ABI info
-- Detecting CXX compiler ABI info - done
-- Check for working CXX compiler: /usr/bin/c++ - skipped
-- Detecting CXX compile features
-- Detecting CXX compile features - done
-- Found Python: /usr/bin/python3.10 (found version "3.10.12") found components: Interpreter 
-- Looking for pthread.h
-- Looking for pthread.h - found
-- Performing Test CMAKE_HAVE_LIBC_PTHREAD
-- Performing Test CMAKE_HAVE_LIBC_PTHREAD - Success
-- Found Threads: TRUE  
-- Configuring done
-- Generating done
-- Build files have been written to: /root/COS 214/CodeBlooded/tests/build

Building tests...
[  1%] Building CXX object _deps/googletest-build/googletest/CMakeFiles/gtest.dir/src/gtest-all.cc.o
[  2%] Linking CXX static library ../../../lib/libgtest.a
[  2%] Built target gtest
[  3%] Building CXX object _deps/googletest-build/googlemock/CMakeFiles/gmock.dir/src/gmock-all.cc.o
[  4%] Linking CXX static library ../../../lib/libgmock.a
[  4%] Built target gmock
[  5%] Building CXX object _deps/googletest-build/googlemock/CMakeFiles/gmock_main.dir/src/gmock_main.cc.o
[  7%] Linking CXX static library ../../../lib/libgmock_main.a
[  7%] Built target gmock_main
[  8%] Building CXX object _deps/googletest-build/googletest/CMakeFiles/gtest_main.dir/src/gtest_main.cc.o
[  9%] Linking CXX static library ../../../lib/libgtest_main.a
[  9%] Built target gtest_main
[ 10%] Building CXX object CMakeFiles/plant_nursery_tests.dir/test_main.cpp.o
[ 11%] Building CXX object CMakeFiles/plant_nursery_tests.dir/test_globals.cpp.o
/root/COS 214/CodeBlooded/tests/test_globals.cpp:9:10: fatal error: QApplication: No such file or directory
    9 | #include <QApplication>
      |          ^~~~~~~~~~~~~~
compilation terminated.
gmake[2]: *** [CMakeFiles/plant_nursery_tests.dir/build.make:90: CMakeFiles/plant_nursery_tests.dir/test_globals.cpp.o] Error 1
gmake[1]: *** [CMakeFiles/Makefile2:139: CMakeFiles/plant_nursery_tests.dir/all] Error 2
gmake: *** [Makefile:146: all] Error 2
